>>> from say_my_name import say_my_name
>>> say_my_name("Walter", "White")
My name is Walter White

>>> say_my_name(12, "oh no")
Traceback (most recent call last):
TypeError: first_name must be a string

>>> say_my_name("Bob")
My name is Bob 

>>> say_my_name("Bob", 12)
Traceback (most recent call last):
TypeError: last_name must be a string

>>> say_my_name()
Traceback (most recent call last):
TypeError: say_my_name() missing 1 required positional argument: 'first_name'

